{"type":"server-started","port":56709,"host":"127.0.0.1","url_host":"localhost","url":"http://localhost:56709","screen_dir":"/home/anikdeb/Projects/Anik-s_PortFolio/.superpowers/brainstorm/12748-1775587631/content","state_dir":"/home/anikdeb/Projects/Anik-s_PortFolio/.superpowers/brainstorm/12748-1775587631/state"}
{"type":"screen-added","file":"/home/anikdeb/Projects/Anik-s_PortFolio/.superpowers/brainstorm/12748-1775587631/content/visual-style.html"}
{"source":"user-event","type":"click","text":"Anik Deb\n        Full Stack Developer\n      \n    \n    \n      Minimal Dark\n      Clean, professional, tech-forward. Dark theme with subtle accents. Premium feel, appeals to modern tech companies.","choice":"minimal-dark","id":null,"timestamp":1775587803904}
{"source":"user-event","type":"click","text":"Anik Deb\n        Full Stack Developer\n      \n    \n    \n      Minimal Dark\n      Clean, professional, tech-forward. Dark theme with subtle accents. Premium feel, appeals to modern tech companies.","choice":"minimal-dark","id":null,"timestamp":1775587807632}
{"source":"user-event","type":"click","text":"Anik Deb\n        Full Stack Developer\n      \n    \n    \n      Minimal Dark\n      Clean, professional, tech-forward. Dark theme with subtle accents. Premium feel, appeals to modern tech companies.","choice":"minimal-dark","id":null,"timestamp":1775587810023}
{"source":"user-event","type":"click","text":"Anik Deb\n        Full Stack Developer\n      \n    \n    \n      Minimal Dark\n      Clean, professional, tech-forward. Dark theme with subtle accents. Premium feel, appeals to modern tech companies.","choice":"minimal-dark","id":null,"timestamp":1775587810413}
{"source":"user-event","type":"click","text":"Anik Deb\n        Full Stack Developer\n      \n    \n    \n      Minimal Dark\n      Clean, professional, tech-forward. Dark theme with subtle accents. Premium feel, appeals to modern tech companies.","choice":"minimal-dark","id":null,"timestamp":1775587815128}
{"source":"user-event","type":"click","text":"Anik Deb\n        Full Stack Developer\n      \n    \n    \n      Bold Gradient\n      Vibrant gradients, confident personality. Stands out, shows creativity. Great for startups and innovative companies.","choice":"bold-gradient","id":null,"timestamp":1775587816736}
{"source":"user-event","type":"click","text":"Anik Deb\n        Full Stack Developer\n      \n    \n    \n      Glassmorphism\n      Frosted glass effects, layered depth. Modern trend, shows attention to UI detail. Visually impressive and memorable.","choice":"glassmorphism","id":null,"timestamp":1775587818510}
{"source":"user-event","type":"click","text":"Anik Deb\n        Full Stack Developer\n      \n    \n    \n      Glassmorphism\n      Frosted glass effects, layered depth. Modern trend, shows attention to UI detail. Visually impressive and memorable.","choice":"glassmorphism","id":null,"timestamp":1775587820732}
{"source":"user-event","type":"click","text":"Anik Deb\n        Full Stack Developer\n      \n    \n    \n      Glassmorphism\n      Frosted glass effects, layered depth. Modern trend, shows attention to UI detail. Visually impressive and memorable.","choice":"glassmorphism","id":null,"timestamp":1775587820917}
{"type":"screen-added","file":"/home/anikdeb/Projects/Anik-s_PortFolio/.superpowers/brainstorm/12748-1775587631/content/sections.html"}
{"source":"user-event","type":"click","text":"🚀\n    \n      Project Showcase\n      Detailed case studies with live demos, tech stack, and your role in each project","choice":"projects","id":null,"timestamp":1775587849195}
{"source":"user-event","type":"click","text":"🛠️\n    \n      Tech Stack & Skills\n      Visual display of your technologies (Frontend, Backend, Database, DevOps, etc.)","choice":"skills","id":null,"timestamp":1775587850052}
{"source":"user-event","type":"click","text":"💼\n    \n      Work Experience\n      Professional timeline with companies, roles, and key achievements","choice":"experience","id":null,"timestamp":1775587851151}
{"source":"user-event","type":"click","text":"👤\n    \n      About Me\n      Personal story, background, location, and what drives you as a developer","choice":"about","id":null,"timestamp":1775587851910}
{"source":"user-event","type":"click","text":"✉️\n    \n      Easy Contact\n      Prominent contact section with email, social links, and maybe a contact form","choice":"contact","id":null,"timestamp":1775587852858}
{"source":"user-event","type":"click","text":"✍️\n    \n      Blog/Writing\n      Articles or tutorials you've written to demonstrate thought leadership","choice":"blog","id":null,"timestamp":1775587853759}
{"type":"screen-added","file":"/home/anikdeb/Projects/Anik-s_PortFolio/.superpowers/brainstorm/12748-1775587631/content/layout.html"}
{"source":"user-event","type":"click","text":"Bento Grid Landing\n      Trending style. Grid of cards showing highlights. Click to expand sections. Visual and interactive.","choice":"bento-grid","id":null,"timestamp":1775587908803}
{"source":"user-event","type":"click","text":"Bento Grid Landing\n      Trending style. Grid of cards showing highlights. Click to expand sections. Visual and interactive.","choice":"bento-grid","id":null,"timestamp":1775587913019}
{"source":"user-event","type":"click","text":"Projects\n          Experience\n          Skills\n        \n        \n      \n    \n    \n      Tabbed Sections\n      Like your current design but modernized. Click tabs to switch content. Clean, focused on one section at a time.","choice":"tabbed","id":null,"timestamp":1775587914932}
{"source":"user-event","type":"click","text":"About\n          Projects\n          Experience\n          Contact\n        \n        \n        \n        \n      \n    \n    \n      Single Page Scroll\n      All sections on one page. Smooth scroll navigation. Modern and fluid. Users see everything by scrolling down.","choice":"single-scroll","id":null,"timestamp":1775587916333}
{"source":"user-event","type":"click","text":"Bento Grid Landing\n      Trending style. Grid of cards showing highlights. Click to expand sections. Visual and interactive.","choice":"bento-grid","id":null,"timestamp":1775587930237}
{"type":"screen-added","file":"/home/anikdeb/Projects/Anik-s_PortFolio/.superpowers/brainstorm/12748-1775587631/content/features.html"}
{"source":"user-event","type":"click","text":"🌓\n    \n      Dark/Light Theme Toggle\n      Let visitors switch between themes. Shows attention to UX.","choice":"theme-toggle","id":null,"timestamp":1775587954917}
{"source":"user-event","type":"click","text":"✨\n    \n      Scroll Animations\n      Elements fade/slide in as you scroll. Adds polish and engagement.","choice":"animations","id":null,"timestamp":1775587955877}
{"source":"user-event","type":"click","text":"🌐\n    \n      3D Interactive Elements\n      Keep your Globe/3D components - they showcase your technical skills.","choice":"3d-elements","id":null,"timestamp":1775587956840}
{"source":"user-event","type":"click","text":"📄\n    \n      Prominent Resume Download\n      Sticky button or clear CTA to download your CV. Important for recruiters.","choice":"resume-download","id":null,"timestamp":1775587957627}
{"source":"user-event","type":"click","text":"📊\n    \n      Live Stats/Counters\n      Animated counters (years exp, projects completed, etc.). Adds credibility.","choice":"live-stats","id":null,"timestamp":1775587959017}
{"source":"user-event","type":"click","text":"🎯\n    \n      Keep It Simple\n      Skip extras. Focus on clean, fast, professional presentation.","choice":"none","id":null,"timestamp":1775587960111}
{"type":"screen-added","file":"/home/anikdeb/Projects/Anik-s_PortFolio/.superpowers/brainstorm/12748-1775587631/content/approaches.html"}
{"type":"screen-added","file":"/home/anikdeb/Projects/Anik-s_PortFolio/.superpowers/brainstorm/12748-1775587631/content/design-landing.html"}
{"type":"screen-added","file":"/home/anikdeb/Projects/Anik-s_PortFolio/.superpowers/brainstorm/12748-1775587631/content/design-projects.html"}
{"type":"screen-added","file":"/home/anikdeb/Projects/Anik-s_PortFolio/.superpowers/brainstorm/12748-1775587631/content/design-projects-enhanced.html"}
{"type":"screen-added","file":"/home/anikdeb/Projects/Anik-s_PortFolio/.superpowers/brainstorm/12748-1775587631/content/design-projects-flip.html"}
{"type":"screen-added","file":"/home/anikdeb/Projects/Anik-s_PortFolio/.superpowers/brainstorm/12748-1775587631/content/design-skills.html"}
{"type":"screen-added","file":"/home/anikdeb/Projects/Anik-s_PortFolio/.superpowers/brainstorm/12748-1775587631/content/design-experience.html"}
{"type":"screen-added","file":"/home/anikdeb/Projects/Anik-s_PortFolio/.superpowers/brainstorm/12748-1775587631/content/design-about-contact.html"}
{"type":"server-stopped","reason":"idle timeout"}
